// Jest Snapshot v1, https://goo.gl/fbAQLP

exports[`components -> CardLayout component should renders correctly and match to snapshot 1`] = `
.c3 {
  margin-top: 9px;
  margin-left: 9px;
  width: 38px;
  height: 38px;
}

.c4 {
  color: white;
  margin: 0 0 0 10px;
  font-size: 20px;
  font-family: Roboto,sans-serif;
  display: -webkit-box;
  display: -webkit-flex;
  display: -ms-flexbox;
  display: flex;
  -webkit-box-pack: center;
  -webkit-justify-content: center;
  -ms-flex-pack: center;
  justify-content: center;
  -webkit-flex-direction: column;
  -ms-flex-direction: column;
  flex-direction: column;
  text-align: center;
}

.c2 {
  display: -webkit-box;
  display: -webkit-flex;
  display: -ms-flexbox;
  display: flex;
  -webkit-align-self: flex-end;
  -ms-flex-item-align: end;
  align-self: flex-end;
  background: rgba(0,0,0,0.6);
  width: 100%;
  height: 51px;
}

.c1 {
  display: -webkit-box;
  display: -webkit-flex;
  display: -ms-flexbox;
  display: flex;
  background-image: url(tile.jpg);
  background-size: cover;
  background-repeat: no-repeat;
  background-position: center center;
  width: 320px;
  height: 178px;
  margin: 10px 0 0 10px;
  position: relative;
  float: left;
}

.c0 {
  display: -webkit-box;
  display: -webkit-flex;
  display: -ms-flexbox;
  display: flex;
  -webkit-flex-wrap: wrap;
  -ms-flex-wrap: wrap;
  flex-wrap: wrap;
  list-style: none;
  margin: 5;
  padding: 5;
}

@media (max-width:320px) {
  .c1 {
    width: 100%;
  }
}

<div
  className="c0"
>
  <div
    className="c1"
  >
    <div
      className="c2"
    >
      <img
        alt="Seven West Media"
        className="c3"
        src="logo.png"
      />
      <h2
        className="c4"
      >
        Home and Away
      </h2>
    </div>
  </div>
  <div
    className="c1"
  >
    <div
      className="c2"
    >
      <img
        alt="Seven West Media"
        className="c3"
        src="logo.png"
      />
      <h2
        className="c4"
      >
        Home and Away
      </h2>
    </div>
  </div>
</div>
`;
