// Jest Snapshot v1, https://goo.gl/fbAQLP

exports[`components -> Image component should renders correctly 1`] = `
.c0 {
  margin-top: 9px;
  margin-left: 9px;
  width: 38px;
  height: 38px;
}

<img
  alt="media image alt"
  className="c0"
  src="media.png"
/>
`;
