// Jest Snapshot v1, https://goo.gl/fbAQLP

exports[`components -> Overlay component should renders correctly and match to snapshot 1`] = `
.c1 {
  margin-top: 9px;
  margin-left: 9px;
  width: 38px;
  height: 38px;
}

.c2 {
  color: white;
  margin: 0 0 0 10px;
  font-size: 20px;
  font-family: Roboto,sans-serif;
  display: -webkit-box;
  display: -webkit-flex;
  display: -ms-flexbox;
  display: flex;
  -webkit-box-pack: center;
  -webkit-justify-content: center;
  -ms-flex-pack: center;
  justify-content: center;
  -webkit-flex-direction: column;
  -ms-flex-direction: column;
  flex-direction: column;
  text-align: center;
}

.c0 {
  display: -webkit-box;
  display: -webkit-flex;
  display: -ms-flexbox;
  display: flex;
  -webkit-align-self: flex-end;
  -ms-flex-item-align: end;
  align-self: flex-end;
  background: rgba(0,0,0,0.6);
  width: 100%;
  height: 51px;
}

<div
  className="c0"
>
  <img
    alt="media alt"
    className="c1"
    src="logo.png"
  />
  <h2
    className="c2"
  >
    Home and Away
  </h2>
</div>
`;
